/[0-9]+.+Hormon.+[0-9]+.+Ritual.+[0-9]+.+Ausreden/i
/American.+Express.+Gold.+Card.+Rosé.+Gold/i
/Bleiben.+gesund.+Medicare.+Kit.+sichern/i
/Endlich.+schöne.+Nägel.+Nagelpilz.+einfach.+entfernen/i
/Erdbeben.+Myanmar.+Tausende.+Opfer.+Unterstützung.+zählt/i
/Erhalten.+[0-9]+.+Euro.+Zuschuss.+Treppenlift/i
/Erleben.+neusten.+fast.+unsichtbaren.+Mini.+Hörsysteme/i
/ETFs.+[0-9]+.+starten.+Tipps.+gratis.+sichern/i
/Fettverbrennung.+leicht.+gemacht.+[0-9]+.+Gewürz/i
/geheime.+Kraft.+Gewürzes.+stärker.+Zimt/i
/Gestalten.+Angebot.+morgen.+dafür.+tolle.+Prämien.+erhalten/i
/Google.+Ads.+improve.+support.+search.+news/i
/Google.+brand.+ranking.+signals.+local.+goes.+missing.+Bing.+Mode/i
/Google.+core.+update.+status.+Gemini.+replace.+Google.+Assistant/i
/Google.+core.+update.+volatility.+hits.+maybe.+Plus.+much/i
/Google.+makes.+small.+symbolic.+change.+policies.+support.+catching/i
/Google.+March.+core.+polls.+double.+serving.+allowed.+local.+bugs/i
/Google.+March.+core.+update.+done/i
/Google.+March.+core.+update.+volatility.+Overviews.+ads/i
/Google.+Mode.+expands.+Google.+bugs.+Merchant.+Center.+clicks.+Bing.+Ads.+might.+like/i
/Google.+Mode.+images.+Maps.+Overviews.+grow/i
/Google.+officially.+links.+Overview.+text.+search.+results/i
/Google.+Overviews.+gain.+new.+links.+link.+back.+Google/i
/Google.+ranking.+Reddit.+translated.+pages/i
/Google.+Search.+ranking.+volatility.+Google.+Ads.+safety.+report.+ccTLDs.+law.+suits/i
/Google.+Search.+ranking.+volatility.+heats.+brand.+profile.+content.+hourly.+data.+Mode.+links/i
/Google.+Search.+ranking.+volatility.+hits.+news/i
/Google.+Search.+take.+content.+emails.+website/i
/Google.+sites.+recover.+maybe.+never.+Google.+Ads.+AIOs.+delays/i
/Intelligence.+raters.+guidelines.+video.+search.+ads.+Copilot.+Search.+Bing/i
/Kennst.+schon.+neue.+American.+Express.+Gold.+Card/i
/Krypto.+Experten.+sagen.+perfekte.+Zeitpunkt/i
/Last.+chance.+avoid.+Netflix.+interruption/i
/Luxushotels.+Traumzielen.+[0-9]+.+Prozent.+günstiger/i
/Mehr.+Volumen.+Haar.+starte.+heute/i
/neues.+Wundergewürz.+Schlüssel.+flachen.+Bauch/i
/Niedrige.+Preise.+Last.+Minute.+Angebote.+[0-9]+.+Prozent.+günstiger/i
/Osterhighlight.+Letzte.+Chance.+Lindt.+Schokoladenpaket.+sichern/i
/ovh.+rezept.+frei.+Online.+bestellen/i
/ovh.+rezeptfr.+ei.+Online.+bestellen/i
/Pre.+core.+update.+volatility.+details.+leaked.+Google.+search.+Overview.+updates.+Bing.+Webmaster.+Tools/i
/Rolanl.+[0-9]+.+Mio.+BahnCard.+sichern/i
/Search.+Engine.+Roundtable.+Daily.+Search.+Forum.+Recap/i
/Search.+Engine.+Roundtable.+Daily.+Search.+Forum.+Recap.+March/i
/Serie.+gab.+nie.+Sky.+Netflix.+Euro.+[0-9]+.+mtl/i
/Ski.+Sonne.+genießen.+Last.+Minute.+Angebot.+sichern/i
/Steigern.+Wissen.+[0-9]+.+Ausgaben.+warten/i
/vornam.+American.+Express.+vielen.+neuen.+Vorteilen/i
